Acl.Lock.dll.cmd.rar
Acl.Unlock.dll.cmd.rar
ActiveDefense.bat.rar
ActiveDefenseIni.cmd.rar
Clear.dll.cmd.rar
Config.dll.cmd.rar
Deleter.cmd.rar
Download.dll.cmd.rar
GetAdmin.dll.cmd.rar
GetPath.dll.cmd.rar
IsolationRegion.dll.cmd.rar
Main.cmd.rar
OwnSafe.cmd.rar
Permissions.dll.cmd.rar
ResetVar.dll.cmd.rar
Runner.cmd.rar
RunScan.dll.cmd.rar
RuntimeProtect.cmd.rar
SafetyCenter.dll.cmd.rar
Scan.cmd.rar
ScanHash.dll.cmd.rar
Scan_b.cmd.rar
Shell.CDE.dll.cmd.rar
Shell.dll.cmd.rar
SummonVar.dll.cmd.rar
Taskmgr.cmd.rar
Tools.cmd.rar
Update.cmd.rar
BehavioralLib/Tick.1.cmd.rar
Library/Lib.SHA256_1.vsh
Modules/About.cmd.rar
Modules/AutoScanFix.cmd.rar
Modules/Exp_dll.cmd.rar
Modules/GUID.vbs
Modules/LibVer.cmd.rar
Modules/NormalRun.cmd.rar
Modules/ProVer.cmd.rar
Modules/rarreg.key
Modules/Select_File.cmd.rar
Registry/SafetyCenter/RuntimeProtect/True.cmd.rar
Registry/SafetyCenter/SelfProtect/True.cmd.rar
Tools/DigitalSignature.cmd.rar
Tools/Exp_dll.cmd.rar
Tools/HashGetTool.cmd.rar
Tools/CMDSV/#TSC_Core.cmd.rar
Tools/CMDSV/#TSC_Start.cmd.rar
Tools/CMDSV/#TSC_SV.cmd.rar
Tools/Deleter/Config.info.cmd.rar
Tools/Deleter/Deleter.cmd.rar
Tools/Deleter/DeleterUI.cmd.rar